../Core/Src/main.c:122:6:HAL_GPIO_EXTI_Callback	16	static
../Core/Src/main.c:146:5:main	16	static
../Core/Src/main.c:269:6:SystemClock_Config	88	static
../Core/Src/main.c:316:13:MX_ADC1_Init	24	static
../Core/Src/main.c:363:13:MX_I2C2_Init	8	static
../Core/Src/main.c:397:13:MX_TIM1_Init	80	static
../Core/Src/main.c:476:13:MX_TIM2_Init	64	static
../Core/Src/main.c:535:13:MX_TIM3_Init	32	static
../Core/Src/main.c:584:13:MX_TIM4_Init	32	static
../Core/Src/main.c:629:13:MX_GPIO_Init	40	static
../Core/Src/main.c:682:6:HAL_TIM_PeriodElapsedCallback	16	static
../Core/Src/main.c:709:6:Buzzer_Beep	8	static
../Core/Src/main.c:714:6:Buzzer_Beep_Beep	8	static
../Core/Src/main.c:731:6:Error_Handler	4	static,ignoring_inline_asm
